
========================================================================
运行开始: 2026-09-15T15:47:45+08:00 | 模式: all | 日志: 清空后记录
结果日志: I:\STUDY\python\project\Energy-prediction\3.2\out\logs\terminal_3.2.log

========================================================================
四轴无人机飞行能耗预测实验 3.2：TCN + 秒级能量监督RLS
当前模式: all
运行内容: 依次执行全航线数据准备、完整TCN搜索、固定参数训练、RLS搜索、能量窗分析、评估、全航线预测和航线可视化。
执行顺序: prepare -> tune-tcn -> train-fixed -> tune-rls -> compare-rls-windows -> calibrate -> evaluate -> predict-all -> visualize -> route-visualize
========================================================================
训练配置: TCN深度=4块，通道=[64, 64, 64, 32]，调参轮数=80，最终轮数=80，批大小=2048，默认置信度=95.0%
TCN时间窗候选: [0.25, 0.5, 1.0, 2.0, 4.0, 6.0, 8.0, 10.0, 12.0, 16.0]
RLS调参候选: 遗忘因子=[0.86, 0.88, 0.9, 0.91, 0.92, 0.94, 0.96]，初始协方差=[0.01, 0.025, 0.05, 0.1, 0.25, 0.5, 1.0]，共49组；能量窗变量分析=[1.0, 2.0, 5.0, 10.0, 20.0]s，warmup固定为0

[1/10 prepare] 清洗全部航线记录、构造特征并按完整flight划分数据集。

>>> prepare：数据准备 开始: 2026-09-15T15:47:45+08:00
>>> prepare：数据准备 完成: 2026-09-15T15:47:45+08:00 | 耗时 0.00s

[prepare：数据准备]
started_at: 2026-09-15T15:47:45+08:00
finished_at: 2026-09-15T15:47:45+08:00
elapsed_seconds: 0.002
status: 完成

[2/10 tune-tcn] 搜索完整TCN时间窗候选，每组80轮。

>>> tune-tcn：完整TCN搜索 开始: 2026-09-15T15:47:45+08:00
训练设备: cuda:0 (NVIDIA GeForce RTX 3060 Laptop GPU)
阶段一：TCN窗口选择，共 10 个候选，每个候选固定训练 80 轮。

TCN时间窗候选 1/10 开始：0.25s/2步
