
[prepare：数据准备]
started_at: 2026-09-13T10:27:51+08:00
finished_at: 2026-09-13T10:27:51+08:00
elapsed_seconds: 0.012
status: 完成

[tune-tcn候选结果]
candidate: tcn_window_0.25s
window_seconds: 0.25
window_steps: 2
best_val_loss: 0.02066215776066026
tcn_selection_score: 7.9215299716731264
elapsed_seconds: 2032.267

[tune-tcn候选结果]
candidate: tcn_window_0.5s
window_seconds: 0.5
window_steps: 4
best_val_loss: 0.01911772388144914
tcn_selection_score: 7.512625953542582
elapsed_seconds: 1403.907

[tune-tcn候选结果]
candidate: tcn_window_1s
window_seconds: 1.0
window_steps: 8
best_val_loss: 0.018159627147809485
tcn_selection_score: 7.442578505593528
elapsed_seconds: 1101.805

[tune-tcn候选结果]
candidate: tcn_window_2s
window_seconds: 2.0
window_steps: 17
best_val_loss: 0.018049653250374526
tcn_selection_score: 7.433135637314389
elapsed_seconds: 1086.086

[tune-tcn候选结果]
candidate: tcn_window_4s
window_seconds: 4.0
window_steps: 33
best_val_loss: 0.017514864139060674
tcn_selection_score: 7.490266143599353
elapsed_seconds: 1240.088

[tune-tcn候选结果]
candidate: tcn_window_6s
window_seconds: 6.0
window_steps: 50
best_val_loss: 0.017072256668657283
tcn_selection_score: 7.114112264550139
elapsed_seconds: 1809.566

[tune-tcn候选结果]
candidate: tcn_window_8s
window_seconds: 8.0
window_steps: 67
best_val_loss: 0.01707142407371672
tcn_selection_score: 7.1966271935181085
elapsed_seconds: 1836.626

[tune-tcn候选结果]
candidate: tcn_window_10s
window_seconds: 10.0
window_steps: 83
best_val_loss: 0.017776264754533883
tcn_selection_score: 7.404413184129122
elapsed_seconds: 2050.359

[tune-tcn候选结果]
candidate: tcn_window_12s
window_seconds: 12.0
window_steps: 100
best_val_loss: 0.017116086845171217
tcn_selection_score: 7.022410982808947
elapsed_seconds: 2161.824

[tune-tcn候选结果]
candidate: tcn_window_16s
window_seconds: 16.0
window_steps: 133
best_val_loss: 0.01716919153461235
tcn_selection_score: 7.193063134288919
elapsed_seconds: 2875.339

[tune-tcn：TCN时间窗搜索]
started_at: 2026-09-13T10:27:51+08:00
finished_at: 2026-09-13T15:21:23+08:00
elapsed_seconds: 17612.587
status: 完成

[train-fixed：固定TCN参数正式训练]
started_at: 2026-09-13T15:21:23+08:00
finished_at: 2026-09-13T15:45:15+08:00
elapsed_seconds: 1431.992
status: 完成

[tune-rls：RLS参数搜索]
started_at: 2026-09-13T15:45:15+08:00
finished_at: 2026-09-13T15:57:03+08:00
elapsed_seconds: 707.832
status: 完成

[calibrate：置信区间校准]
started_at: 2026-09-13T15:57:03+08:00
finished_at: 2026-09-13T15:57:07+08:00
elapsed_seconds: 3.48
status: 完成

[evaluate：测试集评估]
started_at: 2026-09-13T15:57:07+08:00
finished_at: 2026-09-13T15:57:13+08:00
elapsed_seconds: 6.322
status: 完成

[visualize：结果可视化]
started_at: 2026-09-13T15:57:13+08:00
finished_at: 2026-09-13T15:57:20+08:00
elapsed_seconds: 6.853
status: 完成

[prepare]
version: 3.0
_文件说明: 本文件汇总实验3.0的数据来源、清洗结果、数据集划分规模、模型输入维度和预测目标。rows表示采样记录数，flights表示按flight字段统计的不重复飞行次数。
_字段说明: {'source_repo_url': '原始无人机飞行数据集的公开仓库地址。', 'raw_rows': '从原始flights.csv读取并保留建模所需字段后的采样记录总数；此时尚未执行缺失值清理和航线筛选，单位为行。', 'processed_rows': '完成数值转换、缺失值删除、仅保留R1航线、特征工程及无穷值清理后保留的有效采样记录总数，单位为行。', 'processed_flights': '清洗后有效数据中不同flight编号的数量，即参与后续划分的有效飞行任务总数，单位为次。', 'train_rows': '训练集包含的采样记录数。模型使用这些记录拟合网络参数，单位为行。', 'val_rows': '验证集包含的采样记录数。该集合用于候选模型比较、学习率调整和早停判断，不直接更新网络参数，单位为行。', 'test_rows': '测试集包含的采样记录数。该集合仅用于最终预测和性能评估，单位为行。', 'train_flights': '训练集包含的不重复飞行任务数量。数据按完整flight分组划分，同一次飞行不会同时出现在其他数据集中，单位为次。', 'val_flights': '验证集包含的不重复飞行任务数量，单位为次。', 'test_flights': '测试集包含的不重复飞行任务数量，单位为次。', 'feature_count': '每条样本输入模型的特征数量，包括实测工况、派生特征、代理特征、飞行进度和航线独热编码；具体维度以feature_count为准。', 'target_column': '监督学习的目标字段名。power_w表示由非负放电电流与电池电压相乘得到的瞬时功率，单位为瓦特（W）。'}
source_repo_url: https://www.modelscope.cn/datasets/OmniData/Data_Collected_with_Package_etc.git
raw_rows: 322904
processed_rows: 284758
second_energy_rows: 34242
processed_flights: 182
train_rows: 198469
val_rows: 41052
test_rows: 45237
train_flights: 126
val_flights: 28
test_flights: 28
feature_count: 23
target_column: power_w
training_route: R1
excluded_rows: 38146
excluded_routes_file: I:\STUDY\python\project\Energy-prediction\3.0\out\data\processed_3.0\excluded_routes_3.0.csv
route_distribution_before_filter: {'A1': 2594, 'A2': 2115, 'A3': 3415, 'H': 4743, 'R1': 284758, 'R2': 1810, 'R3': 1705, 'R4': 1498, 'R5': 6863, 'R6': 10575, 'R7': 2828}
route_distribution_after_filter: {'R1': 284758}

[tune-tcn]
version: 3.0
mode: tune-tcn
best_tcn_candidate: tcn_window_12s
best_tcn_window_seconds: 12.0
best_tcn_window_steps: 100
best_tcn_selection_score: 7.022410982808947
tcn_candidate_count: 10
model_file: D:\Python-files\Energy-prediction\model\best_energy_tcn_rls_3.0.pt

[train-fixed]
version: 3.0
mode: train-fixed
best_tcn_candidate: tcn_window_12s
window_seconds: 12.0
window_steps: 100
epochs_run: 50
best_epoch: 40
best_val_loss: 0.01732783506665327
model_file: D:\Python-files\Energy-prediction\model\best_energy_tcn_rls_3.0.pt

[tune-rls]
version: 3.0
mode: tune-rls
fixed_tcn_candidate: tcn_window_12s
best_rls_candidate: rls_ff0.86_cov1_energy20s
rls_forgetting_factor: 0.86
rls_initial_covariance: 1.0
rls_energy_window_seconds: 20.0
rls_warmup_windows: 0
best_rls_selection_score: 4.940901800776567
rls_candidate_count: 245

[calibrate]
method: split_conformal_absolute_residual
default_confidence: 0.95
online_samples: 41052
static_samples: 41052
online_default_radius_w: 83.09947967529297
static_default_radius_w: 84.08228302001953
npz_file: I:\STUDY\python\project\Energy-prediction\3.0\out\rls\uncertainty_calibration_3.0.npz

[evaluate]
sample_power_w_mae: 30.372466181351275
sample_power_w_rmse: 45.07186479382512
sample_power_w_r2: 0.9594394941422593
sample_power_w_mape_percent: 244.07824014614232
sample_power_w_wape_percent: 7.475264012804418
tcn_sample_power_w_mae: 31.76814214910066
tcn_sample_power_w_rmse: 46.805133386059566
tcn_sample_power_w_r2: 0.9562599491570919
tcn_sample_power_w_mape_percent: 262.8673216931789
tcn_sample_power_w_wape_percent: 7.818767443607771
flight_energy_wh_mae: 0.18586113756695896
flight_energy_wh_rmse: 0.25286394628902326
flight_energy_wh_r2: 0.9971026865675466
flight_energy_wh_mape_percent: 0.8292150700489905
flight_energy_wh_wape_percent: 0.8494243035344589
tcn_flight_energy_wh_mae: 0.5985949951331111
tcn_flight_energy_wh_rmse: 0.8429406795647795
tcn_flight_energy_wh_r2: 0.9678029795774405
tcn_flight_energy_wh_mape_percent: 2.832527904037057
tcn_flight_energy_wh_wape_percent: 2.7357044269514152
rls_energy_window_wh_mae: 0.07247032318362097
rls_energy_window_wh_rmse: 0.0979406891477666
rls_energy_window_wh_r2: 0.9930805844559911
rls_energy_window_wh_mape_percent: 384.21881952184765
rls_energy_window_wh_wape_percent: 3.3830178687735755
tcn_rls_energy_window_wh_mae: 0.08669790718868221
tcn_rls_energy_window_wh_rmse: 0.11873089069701928
tcn_rls_energy_window_wh_r2: 0.9898311801526167
tcn_rls_energy_window_wh_mape_percent: 425.6297739262395
tcn_rls_energy_window_wh_wape_percent: 4.047181747229655
confidence_level: 0.95
power_interval_radius_w: 83.09947967529297
sample_power_interval_coverage_percent: 93.28204788115923
sample_power_interval_mean_width_w: 150.7810036416387
flight_energy_interval_coverage_percent: 100.0
flight_energy_interval_mean_width_wh: 8.118934175636749
test_rows: 45237
test_flights: 28
prediction_file: I:\STUDY\python\project\Energy-prediction\3.0\out\predictions\test_predictions_3.0.csv
flight_energy_summary_file: I:\STUDY\python\project\Energy-prediction\3.0\out\model\flight_energy_summary_3.0.csv
power_bin_evaluation_file: I:\STUDY\python\project\Energy-prediction\3.0\out\model\power_bin_evaluation_3.0.csv
best_tcn_candidate: tcn_window_12s
best_tcn_window_seconds: 12.0
best_tcn_window_steps: 100
best_tcn_selection_score: 7.022410982808947
best_rls_candidate: rls_ff0.86_cov1_energy20s
best_rls_forgetting_factor: 0.86
best_rls_initial_covariance: 1.0
best_rls_energy_window_seconds: 20.0
best_rls_warmup_windows: 0
best_rls_selection_score: 4.940901800776567
tcn_candidate_count: 10
rls_candidate_count: 245
rls_energy_window_count: 286
rls_energy_window_evaluation_file: I:\STUDY\python\project\Energy-prediction\3.0\out\model\rls_energy_window_evaluation_3.0.csv

[visualize]
figure_count: 23
figures: ['I:\\STUDY\\python\\project\\Energy-prediction\\3.0\\out\\figures\\training\\learning_rate_schedule.png', 'I:\\STUDY\\python\\project\\Energy-prediction\\3.0\\out\\figures\\training\\hyperparameter_ranking.png', 'I:\\STUDY\\python\\project\\Energy-prediction\\3.0\\out\\figures\\training\\candidate_validation_wape.png', 'I:\\STUDY\\python\\project\\Energy-prediction\\3.0\\out\\figures\\training\\rls_energy_window_selection.png', 'I:\\STUDY\\python\\project\\Energy-prediction\\3.0\\out\\figures\\results\\evaluation_metrics.png', 'I:\\STUDY\\python\\project\\Energy-prediction\\3.0\\out\\figures\\results\\flight_energy_actual_vs_predicted.png', 'I:\\STUDY\\python\\project\\Energy-prediction\\3.0\\out\\figures\\results\\flight_energy_error.png', 'I:\\STUDY\\python\\project\\Energy-prediction\\3.0\\out\\figures\\results\\power_bin_mae.png', 'I:\\STUDY\\python\\project\\Energy-prediction\\3.0\\out\\figures\\prediction\\flight_18_second_energy_timeseries.png', 'I:\\STUDY\\python\\project\\Energy-prediction\\3.0\\out\\figures\\prediction\\flight_23_second_energy_timeseries.png', 'I:\\STUDY\\python\\project\\Energy-prediction\\3.0\\out\\figures\\prediction\\flight_83_second_energy_timeseries.png', 'I:\\STUDY\\python\\project\\Energy-prediction\\3.0\\out\\figures\\prediction\\power_prediction_scatter.png', 'I:\\STUDY\\python\\project\\Energy-prediction\\3.0\\out\\figures\\prediction\\power_residual_histogram.png', 'I:\\STUDY\\python\\project\\Energy-prediction\\3.0\\out\\figures\\prediction\\second_energy_prediction_scatter.png', 'I:\\STUDY\\python\\project\\Energy-prediction\\3.0\\out\\figures\\prediction\\second_energy_residual_histogram.png', 'I:\\STUDY\\python\\project\\Energy-prediction\\3.0\\out\\figures\\prediction\\rls_energy_window_prediction_scatter.png', 'I:\\STUDY\\python\\project\\Energy-prediction\\3.0\\out\\figures\\prediction\\rls_energy_window_residual_histogram.png', 'I:\\STUDY\\python\\project\\Energy-prediction\\3.0\\out\\figures\\prediction\\flight_18_power_timeseries.png', 'I:\\STUDY\\python\\project\\Energy-prediction\\3.0\\out\\figures\\prediction\\flight_23_power_timeseries.png', 'I:\\STUDY\\python\\project\\Energy-prediction\\3.0\\out\\figures\\prediction\\flight_83_power_timeseries.png', 'I:\\STUDY\\python\\project\\Energy-prediction\\3.0\\out\\rls\\flight_18_rls_parameter_trace.png', 'I:\\STUDY\\python\\project\\Energy-prediction\\3.0\\out\\rls\\flight_23_rls_parameter_trace.png', 'I:\\STUDY\\python\\project\\Energy-prediction\\3.0\\out\\rls\\flight_83_rls_parameter_trace.png']
out_dir: I:\STUDY\python\project\Energy-prediction\3.0\out

[运行结果]
finished_at: 2026-09-13T15:57:20+08:00
status: 完成
elapsed_seconds: 19769.101
